Archive member included to satisfy reference by file (symbol)

c:/program files (x86)/atmel/studio/7.0/toolchain/avr8/avr8-gnu-toolchain/bin/../lib/gcc/avr/5.4.0/../../../../avr/lib/avr5\libm.a(cmpsf2.o)
                              main.o (__ltsf2)
c:/program files (x86)/atmel/studio/7.0/toolchain/avr8/avr8-gnu-toolchain/bin/../lib/gcc/avr/5.4.0/../../../../avr/lib/avr5\libm.a(divsf3.o)
                              main.o (__divsf3)
c:/program files (x86)/atmel/studio/7.0/toolchain/avr8/avr8-gnu-toolchain/bin/../lib/gcc/avr/5.4.0/../../../../avr/lib/avr5\libm.a(divsf3x.o)
                              c:/program files (x86)/atmel/studio/7.0/toolchain/avr8/avr8-gnu-toolchain/bin/../lib/gcc/avr/5.4.0/../../../../avr/lib/avr5\libm.a(divsf3.o) (__divsf3x)
c:/program files (x86)/atmel/studio/7.0/toolchain/avr8/avr8-gnu-toolchain/bin/../lib/gcc/avr/5.4.0/../../../../avr/lib/avr5\libm.a(fixunssfsi.o)
                              main.o (__fixunssfsi)
c:/program files (x86)/atmel/studio/7.0/toolchain/avr8/avr8-gnu-toolchain/bin/../lib/gcc/avr/5.4.0/../../../../avr/lib/avr5\libm.a(fp_cmp.o)
                              c:/program files (x86)/atmel/studio/7.0/toolchain/avr8/avr8-gnu-toolchain/bin/../lib/gcc/avr/5.4.0/../../../../avr/lib/avr5\libm.a(cmpsf2.o) (__fp_cmp)
c:/program files (x86)/atmel/studio/7.0/toolchain/avr8/avr8-gnu-toolchain/bin/../lib/gcc/avr/5.4.0/../../../../avr/lib/avr5\libm.a(fp_inf.o)
                              c:/program files (x86)/atmel/studio/7.0/toolchain/avr8/avr8-gnu-toolchain/bin/../lib/gcc/avr/5.4.0/../../../../avr/lib/avr5\libm.a(divsf3x.o) (__fp_inf)
c:/program files (x86)/atmel/studio/7.0/toolchain/avr8/avr8-gnu-toolchain/bin/../lib/gcc/avr/5.4.0/../../../../avr/lib/avr5\libm.a(fp_nan.o)
                              c:/program files (x86)/atmel/studio/7.0/toolchain/avr8/avr8-gnu-toolchain/bin/../lib/gcc/avr/5.4.0/../../../../avr/lib/avr5\libm.a(divsf3x.o) (__fp_nan)
c:/program files (x86)/atmel/studio/7.0/toolchain/avr8/avr8-gnu-toolchain/bin/../lib/gcc/avr/5.4.0/../../../../avr/lib/avr5\libm.a(fp_pscA.o)
                              c:/program files (x86)/atmel/studio/7.0/toolchain/avr8/avr8-gnu-toolchain/bin/../lib/gcc/avr/5.4.0/../../../../avr/lib/avr5\libm.a(divsf3x.o) (__fp_pscA)
c:/program files (x86)/atmel/studio/7.0/toolchain/avr8/avr8-gnu-toolchain/bin/../lib/gcc/avr/5.4.0/../../../../avr/lib/avr5\libm.a(fp_pscB.o)
                              c:/program files (x86)/atmel/studio/7.0/toolchain/avr8/avr8-gnu-toolchain/bin/../lib/gcc/avr/5.4.0/../../../../avr/lib/avr5\libm.a(divsf3x.o) (__fp_pscB)
c:/program files (x86)/atmel/studio/7.0/toolchain/avr8/avr8-gnu-toolchain/bin/../lib/gcc/avr/5.4.0/../../../../avr/lib/avr5\libm.a(fp_round.o)
                              c:/program files (x86)/atmel/studio/7.0/toolchain/avr8/avr8-gnu-toolchain/bin/../lib/gcc/avr/5.4.0/../../../../avr/lib/avr5\libm.a(divsf3.o) (__fp_round)
c:/program files (x86)/atmel/studio/7.0/toolchain/avr8/avr8-gnu-toolchain/bin/../lib/gcc/avr/5.4.0/../../../../avr/lib/avr5\libm.a(fp_split3.o)
                              c:/program files (x86)/atmel/studio/7.0/toolchain/avr8/avr8-gnu-toolchain/bin/../lib/gcc/avr/5.4.0/../../../../avr/lib/avr5\libm.a(divsf3x.o) (__fp_split3)
c:/program files (x86)/atmel/studio/7.0/toolchain/avr8/avr8-gnu-toolchain/bin/../lib/gcc/avr/5.4.0/../../../../avr/lib/avr5\libm.a(fp_zero.o)
                              c:/program files (x86)/atmel/studio/7.0/toolchain/avr8/avr8-gnu-toolchain/bin/../lib/gcc/avr/5.4.0/../../../../avr/lib/avr5\libm.a(fixunssfsi.o) (__fp_zero)
c:/program files (x86)/atmel/studio/7.0/toolchain/avr8/avr8-gnu-toolchain/bin/../lib/gcc/avr/5.4.0/../../../../avr/lib/avr5\libm.a(gesf2.o)
                              main.o (__gtsf2)
c:/program files (x86)/atmel/studio/7.0/toolchain/avr8/avr8-gnu-toolchain/bin/../lib/gcc/avr/5.4.0/../../../../avr/lib/avr5\libm.a(mulsf3.o)
                              main.o (__mulsf3)
c:/program files (x86)/atmel/studio/7.0/toolchain/avr8/avr8-gnu-toolchain/bin/../lib/gcc/avr/5.4.0/../../../../avr/lib/avr5\libm.a(mulsf3x.o)
                              c:/program files (x86)/atmel/studio/7.0/toolchain/avr8/avr8-gnu-toolchain/bin/../lib/gcc/avr/5.4.0/../../../../avr/lib/avr5\libm.a(mulsf3.o) (__mulsf3x)
C:\Atmel Studio 7\Projekte\I2C_BME280\I2C_BME280\libI2C_LCD_LIB.a(library.o)
                              main.o (initLCD)
C:\Atmel Studio 7\Projekte\I2C_BME280\I2C_BME280\libI2C_LIB.a(library.o)
                              main.o (initI2C)
C:\Atmel Studio 7\Projekte\I2C_BME280\I2C_BME280\libI2C_BME280_LIB.a(library.o)
                              main.o (BME280_init)
c:/program files (x86)/atmel/studio/7.0/toolchain/avr8/avr8-gnu-toolchain/bin/../lib/gcc/avr/5.4.0/../../../../avr/lib/avr5\libm.a(addsf3.o)
                              C:\Atmel Studio 7\Projekte\I2C_BME280\I2C_BME280\libI2C_BME280_LIB.a(library.o) (__subsf3)
c:/program files (x86)/atmel/studio/7.0/toolchain/avr8/avr8-gnu-toolchain/bin/../lib/gcc/avr/5.4.0/../../../../avr/lib/avr5\libm.a(addsf3x.o)
                              c:/program files (x86)/atmel/studio/7.0/toolchain/avr8/avr8-gnu-toolchain/bin/../lib/gcc/avr/5.4.0/../../../../avr/lib/avr5\libm.a(addsf3.o) (__addsf3x)
c:/program files (x86)/atmel/studio/7.0/toolchain/avr8/avr8-gnu-toolchain/bin/../lib/gcc/avr/5.4.0/../../../../avr/lib/avr5\libm.a(fixsfsi.o)
                              C:\Atmel Studio 7\Projekte\I2C_BME280\I2C_BME280\libI2C_BME280_LIB.a(library.o) (__fixsfsi)
c:/program files (x86)/atmel/studio/7.0/toolchain/avr8/avr8-gnu-toolchain/bin/../lib/gcc/avr/5.4.0/../../../../avr/lib/avr5\libm.a(floatsisf.o)
                              C:\Atmel Studio 7\Projekte\I2C_BME280\I2C_BME280\libI2C_BME280_LIB.a(library.o) (__floatunsisf)
c:/program files (x86)/atmel/studio/7.0/toolchain/avr8/avr8-gnu-toolchain/bin/../lib/gcc/avr/5.4.0/avr5\libgcc.a(_exit.o)
                              C:/Program Files (x86)/Atmel/Studio/7.0/Packs/atmel/ATmega_DFP/1.2.209/gcc/dev/atmega328p/avr5/crtatmega328p.o (exit)
c:/program files (x86)/atmel/studio/7.0/toolchain/avr8/avr8-gnu-toolchain/bin/../lib/gcc/avr/5.4.0/avr5\libgcc.a(_copy_data.o)
                              main.o (__do_copy_data)
c:/program files (x86)/atmel/studio/7.0/toolchain/avr8/avr8-gnu-toolchain/bin/../lib/gcc/avr/5.4.0/avr5\libgcc.a(_clear_bss.o)
                              C:\Atmel Studio 7\Projekte\I2C_BME280\I2C_BME280\libI2C_LCD_LIB.a(library.o) (__do_clear_bss)
c:/program files (x86)/atmel/studio/7.0/toolchain/avr8/avr8-gnu-toolchain/bin/../lib/gcc/avr/5.4.0/../../../../avr/lib/avr5\libc.a(dtostrf.o)
                              main.o (dtostrf)
c:/program files (x86)/atmel/studio/7.0/toolchain/avr8/avr8-gnu-toolchain/bin/../lib/gcc/avr/5.4.0/../../../../avr/lib/avr5\libc.a(dtoa_prf.o)
                              c:/program files (x86)/atmel/studio/7.0/toolchain/avr8/avr8-gnu-toolchain/bin/../lib/gcc/avr/5.4.0/../../../../avr/lib/avr5\libc.a(dtostrf.o) (dtoa_prf)
c:/program files (x86)/atmel/studio/7.0/toolchain/avr8/avr8-gnu-toolchain/bin/../lib/gcc/avr/5.4.0/../../../../avr/lib/avr5\libc.a(ftoa_engine.o)
                              c:/program files (x86)/atmel/studio/7.0/toolchain/avr8/avr8-gnu-toolchain/bin/../lib/gcc/avr/5.4.0/../../../../avr/lib/avr5\libc.a(dtoa_prf.o) (__ftoa_engine)
c:/program files (x86)/atmel/studio/7.0/toolchain/avr8/avr8-gnu-toolchain/bin/../lib/gcc/avr/5.4.0/avr5\libgcc.a(_prologue.o)
                              c:/program files (x86)/atmel/studio/7.0/toolchain/avr8/avr8-gnu-toolchain/bin/../lib/gcc/avr/5.4.0/../../../../avr/lib/avr5\libc.a(dtoa_prf.o) (__prologue_saves__)
c:/program files (x86)/atmel/studio/7.0/toolchain/avr8/avr8-gnu-toolchain/bin/../lib/gcc/avr/5.4.0/avr5\libgcc.a(_epilogue.o)
                              c:/program files (x86)/atmel/studio/7.0/toolchain/avr8/avr8-gnu-toolchain/bin/../lib/gcc/avr/5.4.0/../../../../avr/lib/avr5\libc.a(dtoa_prf.o) (__epilogue_restores__)

Allocating common symbols
Common symbol       size              file

dig_P7              0x2               C:\Atmel Studio 7\Projekte\I2C_BME280\I2C_BME280\libI2C_BME280_LIB.a(library.o)
dig_T1              0x2               C:\Atmel Studio 7\Projekte\I2C_BME280\I2C_BME280\libI2C_BME280_LIB.a(library.o)
dig_H4              0x2               C:\Atmel Studio 7\Projekte\I2C_BME280\I2C_BME280\libI2C_BME280_LIB.a(library.o)
dig_T2              0x2               C:\Atmel Studio 7\Projekte\I2C_BME280\I2C_BME280\libI2C_BME280_LIB.a(library.o)
dig_H1              0x1               C:\Atmel Studio 7\Projekte\I2C_BME280\I2C_BME280\libI2C_BME280_LIB.a(library.o)
dig_P2              0x2               C:\Atmel Studio 7\Projekte\I2C_BME280\I2C_BME280\libI2C_BME280_LIB.a(library.o)
dig_P4              0x2               C:\Atmel Studio 7\Projekte\I2C_BME280\I2C_BME280\libI2C_BME280_LIB.a(library.o)
dig_H6              0x1               C:\Atmel Studio 7\Projekte\I2C_BME280\I2C_BME280\libI2C_BME280_LIB.a(library.o)
dig_P5              0x2               C:\Atmel Studio 7\Projekte\I2C_BME280\I2C_BME280\libI2C_BME280_LIB.a(library.o)
dig_P1              0x2               C:\Atmel Studio 7\Projekte\I2C_BME280\I2C_BME280\libI2C_BME280_LIB.a(library.o)
dig_P3              0x2               C:\Atmel Studio 7\Projekte\I2C_BME280\I2C_BME280\libI2C_BME280_LIB.a(library.o)
dig_P8              0x2               C:\Atmel Studio 7\Projekte\I2C_BME280\I2C_BME280\libI2C_BME280_LIB.a(library.o)
dig_H5              0x2               C:\Atmel Studio 7\Projekte\I2C_BME280\I2C_BME280\libI2C_BME280_LIB.a(library.o)
dig_H3              0x1               C:\Atmel Studio 7\Projekte\I2C_BME280\I2C_BME280\libI2C_BME280_LIB.a(library.o)
dig_P9              0x2               C:\Atmel Studio 7\Projekte\I2C_BME280\I2C_BME280\libI2C_BME280_LIB.a(library.o)
dig_T3              0x2               C:\Atmel Studio 7\Projekte\I2C_BME280\I2C_BME280\libI2C_BME280_LIB.a(library.o)
dig_P6              0x2               C:\Atmel Studio 7\Projekte\I2C_BME280\I2C_BME280\libI2C_BME280_LIB.a(library.o)
dig_H2              0x2               C:\Atmel Studio 7\Projekte\I2C_BME280\I2C_BME280\libI2C_BME280_LIB.a(library.o)
t_fine              0x4               C:\Atmel Studio 7\Projekte\I2C_BME280\I2C_BME280\libI2C_BME280_LIB.a(library.o)

Discarded input sections

 .data          0x00000000        0x0 C:/Program Files (x86)/Atmel/Studio/7.0/Packs/atmel/ATmega_DFP/1.2.209/gcc/dev/atmega328p/avr5/crtatmega328p.o
 .bss           0x00000000        0x0 C:/Program Files (x86)/Atmel/Studio/7.0/Packs/atmel/ATmega_DFP/1.2.209/gcc/dev/atmega328p/avr5/crtatmega328p.o
 .text          0x00000000        0x0 main.o
 .data          0x00000000        0x0 main.o
 .bss           0x00000000        0x0 main.o
 .text          0x00000000        0x0 c:/program files (x86)/atmel/studio/7.0/toolchain/avr8/avr8-gnu-toolchain/bin/../lib/gcc/avr/5.4.0/../../../../avr/lib/avr5\libm.a(cmpsf2.o)
 .data          0x00000000        0x0 c:/program files (x86)/atmel/studio/7.0/toolchain/avr8/avr8-gnu-toolchain/bin/../lib/gcc/avr/5.4.0/../../../../avr/lib/avr5\libm.a(cmpsf2.o)
 .bss           0x00000000        0x0 c:/program files (x86)/atmel/studio/7.0/toolchain/avr8/avr8-gnu-toolchain/bin/../lib/gcc/avr/5.4.0/../../../../avr/lib/avr5\libm.a(cmpsf2.o)
 .text          0x00000000        0x0 c:/program files (x86)/atmel/studio/7.0/toolchain/avr8/avr8-gnu-toolchain/bin/../lib/gcc/avr/5.4.0/../../../../avr/lib/avr5\libm.a(divsf3.o)
 .data          0x00000000        0x0 c:/program files (x86)/atmel/studio/7.0/toolchain/avr8/avr8-gnu-toolchain/bin/../lib/gcc/avr/5.4.0/../../../../avr/lib/avr5\libm.a(divsf3.o)
 .bss           0x00000000        0x0 c:/program files (x86)/atmel/studio/7.0/toolchain/avr8/avr8-gnu-toolchain/bin/../lib/gcc/avr/5.4.0/../../../../avr/lib/avr5\libm.a(divsf3.o)
 .text          0x00000000        0x0 c:/program files (x86)/atmel/studio/7.0/toolchain/avr8/avr8-gnu-toolchain/bin/../lib/gcc/avr/5.4.0/../../../../avr/lib/avr5\libm.a(divsf3x.o)
 .data          0x00000000        0x0 c:/program files (x86)/atmel/studio/7.0/toolchain/avr8/avr8-gnu-toolchain/bin/../lib/gcc/avr/5.4.0/../../../../avr/lib/avr5\libm.a(divsf3x.o)
 .bss           0x00000000        0x0 c:/program files (x86)/atmel/studio/7.0/toolchain/avr8/avr8-gnu-toolchain/bin/../lib/gcc/avr/5.4.0/../../../../avr/lib/avr5\libm.a(divsf3x.o)
 .text          0x00000000        0x0 c:/program files (x86)/atmel/studio/7.0/toolchain/avr8/avr8-gnu-toolchain/bin/../lib/gcc/avr/5.4.0/../../../../avr/lib/avr5\libm.a(fixunssfsi.o)
 .data          0x00000000        0x0 c:/program files (x86)/atmel/studio/7.0/toolchain/avr8/avr8-gnu-toolchain/bin/../lib/gcc/avr/5.4.0/../../../../avr/lib/avr5\libm.a(fixunssfsi.o)
 .bss           0x00000000        0x0 c:/program files (x86)/atmel/studio/7.0/toolchain/avr8/avr8-gnu-toolchain/bin/../lib/gcc/avr/5.4.0/../../../../avr/lib/avr5\libm.a(fixunssfsi.o)
 .text          0x00000000        0x0 c:/program files (x86)/atmel/studio/7.0/toolchain/avr8/avr8-gnu-toolchain/bin/../lib/gcc/avr/5.4.0/../../../../avr/lib/avr5\libm.a(fp_cmp.o)
 .data          0x00000000        0x0 c:/program files (x86)/atmel/studio/7.0/toolchain/avr8/avr8-gnu-toolchain/bin/../lib/gcc/avr/5.4.0/../../../../avr/lib/avr5\libm.a(fp_cmp.o)
 .bss           0x00000000        0x0 c:/program files (x86)/atmel/studio/7.0/toolchain/avr8/avr8-gnu-toolchain/bin/../lib/gcc/avr/5.4.0/../../../../avr/lib/avr5\libm.a(fp_cmp.o)
 .text          0x00000000        0x0 c:/program files (x86)/atmel/studio/7.0/toolchain/avr8/avr8-gnu-toolchain/bin/../lib/gcc/avr/5.4.0/../../../../avr/lib/avr5\libm.a(fp_inf.o)
 .data          0x00000000        0x0 c:/program files (x86)/atmel/studio/7.0/toolchain/avr8/avr8-gnu-toolchain/bin/../lib/gcc/avr/5.4.0/../../../../avr/lib/avr5\libm.a(fp_inf.o)
 .bss           0x00000000        0x0 c:/program files (x86)/atmel/studio/7.0/toolchain/avr8/avr8-gnu-toolchain/bin/../lib/gcc/avr/5.4.0/../../../../avr/lib/avr5\libm.a(fp_inf.o)
 .text          0x00000000        0x0 c:/program files (x86)/atmel/studio/7.0/toolchain/avr8/avr8-gnu-toolchain/bin/../lib/gcc/avr/5.4.0/../../../../avr/lib/avr5\libm.a(fp_nan.o)
 .data          0x00000000        0x0 c:/program files (x86)/atmel/studio/7.0/toolchain/avr8/avr8-gnu-toolchain/bin/../lib/gcc/avr/5.4.0/../../../../avr/lib/avr5\libm.a(fp_nan.o)
 .bss           0x00000000        0x0 c:/program files (x86)/atmel/studio/7.0/toolchain/avr8/avr8-gnu-toolchain/bin/../lib/gcc/avr/5.4.0/../../../../avr/lib/avr5\libm.a(fp_nan.o)
 .text          0x00000000        0x0 c:/program files (x86)/atmel/studio/7.0/toolchain/avr8/avr8-gnu-toolchain/bin/../lib/gcc/avr/5.4.0/../../../../avr/lib/avr5\libm.a(fp_pscA.o)
 .data          0x00000000        0x0 c:/program files (x86)/atmel/studio/7.0/toolchain/avr8/avr8-gnu-toolchain/bin/../lib/gcc/avr/5.4.0/../../../../avr/lib/avr5\libm.a(fp_pscA.o)
 .bss           0x00000000        0x0 c:/program files (x86)/atmel/studio/7.0/toolchain/avr8/avr8-gnu-toolchain/bin/../lib/gcc/avr/5.4.0/../../../../avr/lib/avr5\libm.a(fp_pscA.o)
 .text          0x00000000        0x0 c:/program files (x86)/atmel/studio/7.0/toolchain/avr8/avr8-gnu-toolchain/bin/../lib/gcc/avr/5.4.0/../../../../avr/lib/avr5\libm.a(fp_pscB.o)
 .data          0x00000000        0x0 c:/program files (x86)/atmel/studio/7.0/toolchain/avr8/avr8-gnu-toolchain/bin/../lib/gcc/avr/5.4.0/../../../../avr/lib/avr5\libm.a(fp_pscB.o)
 .bss           0x00000000        0x0 c:/program files (x86)/atmel/studio/7.0/toolchain/avr8/avr8-gnu-toolchain/bin/../lib/gcc/avr/5.4.0/../../../../avr/lib/avr5\libm.a(fp_pscB.o)
 .text          0x00000000        0x0 c:/program files (x86)/atmel/studio/7.0/toolchain/avr8/avr8-gnu-toolchain/bin/../lib/gcc/avr/5.4.0/../../../../avr/lib/avr5\libm.a(fp_round.o)
 .data          0x00000000        0x0 c:/program files (x86)/atmel/studio/7.0/toolchain/avr8/avr8-gnu-toolchain/bin/../lib/gcc/avr/5.4.0/../../../../avr/lib/avr5\libm.a(fp_round.o)
 .bss           0x00000000        0x0 c:/program files (x86)/atmel/studio/7.0/toolchain/avr8/avr8-gnu-toolchain/bin/../lib/gcc/avr/5.4.0/../../../../avr/lib/avr5\libm.a(fp_round.o)
 .text          0x00000000        0x0 c:/program files (x86)/atmel/studio/7.0/toolchain/avr8/avr8-gnu-toolchain/bin/../lib/gcc/avr/5.4.0/../../../../avr/lib/avr5\libm.a(fp_split3.o)
 .data          0x00000000        0x0 c:/program files (x86)/atmel/studio/7.0/toolchain/avr8/avr8-gnu-toolchain/bin/../lib/gcc/avr/5.4.0/../../../../avr/lib/avr5\libm.a(fp_split3.o)
 .bss           0x00000000        0x0 c:/program files (x86)/atmel/studio/7.0/toolchain/avr8/avr8-gnu-toolchain/bin/../lib/gcc/avr/5.4.0/../../../../avr/lib/avr5\libm.a(fp_split3.o)
 .text          0x00000000        0x0 c:/program files (x86)/atmel/studio/7.0/toolchain/avr8/avr8-gnu-toolchain/bin/../lib/gcc/avr/5.4.0/../../../../avr/lib/avr5\libm.a(fp_zero.o)
 .data          0x00000000        0x0 c:/program files (x86)/atmel/studio/7.0/toolchain/avr8/avr8-gnu-toolchain/bin/../lib/gcc/avr/5.4.0/../../../../avr/lib/avr5\libm.a(fp_zero.o)
 .bss           0x00000000        0x0 c:/program files (x86)/atmel/studio/7.0/toolchain/avr8/avr8-gnu-toolchain/bin/../lib/gcc/avr/5.4.0/../../../../avr/lib/avr5\libm.a(fp_zero.o)
 .text          0x00000000        0x0 c:/program files (x86)/atmel/studio/7.0/toolchain/avr8/avr8-gnu-toolchain/bin/../lib/gcc/avr/5.4.0/../../../../avr/lib/avr5\libm.a(gesf2.o)
 .data          0x00000000        0x0 c:/program files (x86)/atmel/studio/7.0/toolchain/avr8/avr8-gnu-toolchain/bin/../lib/gcc/avr/5.4.0/../../../../avr/lib/avr5\libm.a(gesf2.o)
 .bss           0x00000000        0x0 c:/program files (x86)/atmel/studio/7.0/toolchain/avr8/avr8-gnu-toolchain/bin/../lib/gcc/avr/5.4.0/../../../../avr/lib/avr5\libm.a(gesf2.o)
 .text          0x00000000        0x0 c:/program files (x86)/atmel/studio/7.0/toolchain/avr8/avr8-gnu-toolchain/bin/../lib/gcc/avr/5.4.0/../../../../avr/lib/avr5\libm.a(mulsf3.o)
 .data          0x00000000        0x0 c:/program files (x86)/atmel/studio/7.0/toolchain/avr8/avr8-gnu-toolchain/bin/../lib/gcc/avr/5.4.0/../../../../avr/lib/avr5\libm.a(mulsf3.o)
 .bss           0x00000000        0x0 c:/program files (x86)/atmel/studio/7.0/toolchain/avr8/avr8-gnu-toolchain/bin/../lib/gcc/avr/5.4.0/../../../../avr/lib/avr5\libm.a(mulsf3.o)
 .text          0x00000000        0x0 c:/program files (x86)/atmel/studio/7.0/toolchain/avr8/avr8-gnu-toolchain/bin/../lib/gcc/avr/5.4.0/../../../../avr/lib/avr5\libm.a(mulsf3x.o)
 .data          0x00000000        0x0 c:/program files (x86)/atmel/studio/7.0/toolchain/avr8/avr8-gnu-toolchain/bin/../lib/gcc/avr/5.4.0/../../../../avr/lib/avr5\libm.a(mulsf3x.o)
 .bss           0x00000000        0x0 c:/program files (x86)/atmel/studio/7.0/toolchain/avr8/avr8-gnu-toolchain/bin/../lib/gcc/avr/5.4.0/../../../../avr/lib/avr5\libm.a(mulsf3x.o)
 .text          0x00000000        0x0 C:\Atmel Studio 7\Projekte\I2C_BME280\I2C_BME280\libI2C_LCD_LIB.a(library.o)
 .data          0x00000000        0x0 C:\Atmel Studio 7\Projekte\I2C_BME280\I2C_BME280\libI2C_LCD_LIB.a(library.o)
 .bss           0x00000000        0x0 C:\Atmel Studio 7\Projekte\I2C_BME280\I2C_BME280\libI2C_LCD_LIB.a(library.o)
 .text.clearScreen
                0x00000000       0x14 C:\Atmel Studio 7\Projekte\I2C_BME280\I2C_BME280\libI2C_LCD_LIB.a(library.o)
 .text          0x00000000        0x0 C:\Atmel Studio 7\Projekte\I2C_BME280\I2C_BME280\libI2C_LIB.a(library.o)
 .data          0x00000000        0x0 C:\Atmel Studio 7\Projekte\I2C_BME280\I2C_BME280\libI2C_LIB.a(library.o)
 .bss           0x00000000        0x0 C:\Atmel Studio 7\Projekte\I2C_BME280\I2C_BME280\libI2C_LIB.a(library.o)
 .text.readSlave
                0x00000000       0xe0 C:\Atmel Studio 7\Projekte\I2C_BME280\I2C_BME280\libI2C_LIB.a(library.o)
 .text          0x00000000        0x0 C:\Atmel Studio 7\Projekte\I2C_BME280\I2C_BME280\libI2C_BME280_LIB.a(library.o)
 .data          0x00000000        0x0 C:\Atmel Studio 7\Projekte\I2C_BME280\I2C_BME280\libI2C_BME280_LIB.a(library.o)
 .bss           0x00000000        0x0 C:\Atmel Studio 7\Projekte\I2C_BME280\I2C_BME280\libI2C_BME280_LIB.a(library.o)
 .text.BME280_set_standby_time_0_5
                0x00000000       0x14 C:\Atmel Studio 7\Projekte\I2C_BME280\I2C_BME280\libI2C_BME280_LIB.a(library.o)
 .text.BME280_set_standby_time_125
                0x00000000       0x14 C:\Atmel Studio 7\Projekte\I2C_BME280\I2C_BME280\libI2C_BME280_LIB.a(library.o)
 .text.BME280_set_standby_time_250
                0x00000000       0x14 C:\Atmel Studio 7\Projekte\I2C_BME280\I2C_BME280\libI2C_BME280_LIB.a(library.o)
 .text.BME280_set_standby_time_500
                0x00000000       0x14 C:\Atmel Studio 7\Projekte\I2C_BME280\I2C_BME280\libI2C_BME280_LIB.a(library.o)
 .text.BME280_set_standby_time_1000
                0x00000000       0x14 C:\Atmel Studio 7\Projekte\I2C_BME280\I2C_BME280\libI2C_BME280_LIB.a(library.o)
 .text.BME280_set_standby_time_10
                0x00000000       0x14 C:\Atmel Studio 7\Projekte\I2C_BME280\I2C_BME280\libI2C_BME280_LIB.a(library.o)
 .text.BME280_set_standby_time_20
                0x00000000       0x14 C:\Atmel Studio 7\Projekte\I2C_BME280\I2C_BME280\libI2C_BME280_LIB.a(library.o)
 .text.BME280_get_standby_time
                0x00000000       0x16 C:\Atmel Studio 7\Projekte\I2C_BME280\I2C_BME280\libI2C_BME280_LIB.a(library.o)
 .text.BME280_set_temperature_oversampling_off
                0x00000000       0x14 C:\Atmel Studio 7\Projekte\I2C_BME280\I2C_BME280\libI2C_BME280_LIB.a(library.o)
 .text.BME280_set_temperature_oversampling_2
                0x00000000       0x14 C:\Atmel Studio 7\Projekte\I2C_BME280\I2C_BME280\libI2C_BME280_LIB.a(library.o)
 .text.BME280_set_temperature_oversampling_4
                0x00000000       0x14 C:\Atmel Studio 7\Projekte\I2C_BME280\I2C_BME280\libI2C_BME280_LIB.a(library.o)
 .text.BME280_set_temperature_oversampling_8
                0x00000000       0x14 C:\Atmel Studio 7\Projekte\I2C_BME280\I2C_BME280\libI2C_BME280_LIB.a(library.o)
 .text.BME280_set_temperature_oversampling_16
                0x00000000       0x14 C:\Atmel Studio 7\Projekte\I2C_BME280\I2C_BME280\libI2C_BME280_LIB.a(library.o)
 .text.BME280_get_temperature_oversampling
                0x00000000       0x16 C:\Atmel Studio 7\Projekte\I2C_BME280\I2C_BME280\libI2C_BME280_LIB.a(library.o)
 .text.BME280_set_pressure_oversampling_off
                0x00000000       0x14 C:\Atmel Studio 7\Projekte\I2C_BME280\I2C_BME280\libI2C_BME280_LIB.a(library.o)
 .text.BME280_set_pressure_oversampling_2
                0x00000000       0x14 C:\Atmel Studio 7\Projekte\I2C_BME280\I2C_BME280\libI2C_BME280_LIB.a(library.o)
 .text.BME280_set_pressure_oversampling_4
                0x00000000       0x14 C:\Atmel Studio 7\Projekte\I2C_BME280\I2C_BME280\libI2C_BME280_LIB.a(library.o)
 .text.BME280_set_pressure_oversampling_8
                0x00000000       0x14 C:\Atmel Studio 7\Projekte\I2C_BME280\I2C_BME280\libI2C_BME280_LIB.a(library.o)
 .text.BME280_set_pressure_oversampling_16
                0x00000000       0x14 C:\Atmel Studio 7\Projekte\I2C_BME280\I2C_BME280\libI2C_BME280_LIB.a(library.o)
 .text.BME280_get_pressure_oversampling
                0x00000000       0x16 C:\Atmel Studio 7\Projekte\I2C_BME280\I2C_BME280\libI2C_BME280_LIB.a(library.o)
 .text.BME280_set_humidity_oversampling_off
                0x00000000       0x14 C:\Atmel Studio 7\Projekte\I2C_BME280\I2C_BME280\libI2C_BME280_LIB.a(library.o)
 .text.BME280_set_humidity_oversampling_2
                0x00000000       0x14 C:\Atmel Studio 7\Projekte\I2C_BME280\I2C_BME280\libI2C_BME280_LIB.a(library.o)
 .text.BME280_set_humidity_oversampling_4
                0x00000000       0x14 C:\Atmel Studio 7\Projekte\I2C_BME280\I2C_BME280\libI2C_BME280_LIB.a(library.o)
 .text.BME280_set_humidity_oversampling_8
                0x00000000       0x14 C:\Atmel Studio 7\Projekte\I2C_BME280\I2C_BME280\libI2C_BME280_LIB.a(library.o)
 .text.BME280_set_humidity_oversampling_16
                0x00000000       0x14 C:\Atmel Studio 7\Projekte\I2C_BME280\I2C_BME280\libI2C_BME280_LIB.a(library.o)
 .text.BME280_get_humidity_oversampling
                0x00000000       0x16 C:\Atmel Studio 7\Projekte\I2C_BME280\I2C_BME280\libI2C_BME280_LIB.a(library.o)
 .text.BME280_set_filter_coefficient_off
                0x00000000       0x14 C:\Atmel Studio 7\Projekte\I2C_BME280\I2C_BME280\libI2C_BME280_LIB.a(library.o)
 .text.BME280_set_filter_coefficient_4
                0x00000000       0x14 C:\Atmel Studio 7\Projekte\I2C_BME280\I2C_BME280\libI2C_BME280_LIB.a(library.o)
 .text.BME280_set_filter_coefficient_8
                0x00000000       0x14 C:\Atmel Studio 7\Projekte\I2C_BME280\I2C_BME280\libI2C_BME280_LIB.a(library.o)
 .text.BME280_set_filter_coefficient_16
                0x00000000       0x14 C:\Atmel Studio 7\Projekte\I2C_BME280\I2C_BME280\libI2C_BME280_LIB.a(library.o)
 .text.BME280_get_filter_coefficient
                0x00000000       0x16 C:\Atmel Studio 7\Projekte\I2C_BME280\I2C_BME280\libI2C_BME280_LIB.a(library.o)
 .text.BME280_set_forced_mode
                0x00000000       0x14 C:\Atmel Studio 7\Projekte\I2C_BME280\I2C_BME280\libI2C_BME280_LIB.a(library.o)
 .text.BME280_soft_reset
                0x00000000       0x18 C:\Atmel Studio 7\Projekte\I2C_BME280\I2C_BME280\libI2C_BME280_LIB.a(library.o)
 .text          0x00000000        0x0 c:/program files (x86)/atmel/studio/7.0/toolchain/avr8/avr8-gnu-toolchain/bin/../lib/gcc/avr/5.4.0/../../../../avr/lib/avr5\libm.a(addsf3.o)
 .data          0x00000000        0x0 c:/program files (x86)/atmel/studio/7.0/toolchain/avr8/avr8-gnu-toolchain/bin/../lib/gcc/avr/5.4.0/../../../../avr/lib/avr5\libm.a(addsf3.o)
 .bss           0x00000000        0x0 c:/program files (x86)/atmel/studio/7.0/toolchain/avr8/avr8-gnu-toolchain/bin/../lib/gcc/avr/5.4.0/../../../../avr/lib/avr5\libm.a(addsf3.o)
 .text          0x00000000        0x0 c:/program files (x86)/atmel/studio/7.0/toolchain/avr8/avr8-gnu-toolchain/bin/../lib/gcc/avr/5.4.0/../../../../avr/lib/avr5\libm.a(addsf3x.o)
 .data          0x00000000        0x0 c:/program files (x86)/atmel/studio/7.0/toolchain/avr8/avr8-gnu-toolchain/bin/../lib/gcc/avr/5.4.0/../../../../avr/lib/avr5\libm.a(addsf3x.o)
 .bss           0x00000000        0x0 c:/program files (x86)/atmel/studio/7.0/toolchain/avr8/avr8-gnu-toolchain/bin/../lib/gcc/avr/5.4.0/../../../../avr/lib/avr5\libm.a(addsf3x.o)
 .text          0x00000000        0x0 c:/program files (x86)/atmel/studio/7.0/toolchain/avr8/avr8-gnu-toolchain/bin/../lib/gcc/avr/5.4.0/../../../../avr/lib/avr5\libm.a(fixsfsi.o)
 .data          0x00000000        0x0 c:/program files (x86)/atmel/studio/7.0/toolchain/avr8/avr8-gnu-toolchain/bin/../lib/gcc/avr/5.4.0/../../../../avr/lib/avr5\libm.a(fixsfsi.o)
 .bss           0x00000000        0x0 c:/program files (x86)/atmel/studio/7.0/toolchain/avr8/avr8-gnu-toolchain/bin/../lib/gcc/avr/5.4.0/../../../../avr/lib/avr5\libm.a(fixsfsi.o)
 .text          0x00000000        0x0 c:/program files (x86)/atmel/studio/7.0/toolchain/avr8/avr8-gnu-toolchain/bin/../lib/gcc/avr/5.4.0/../../../../avr/lib/avr5\libm.a(floatsisf.o)
 .data          0x00000000        0x0 c:/program files (x86)/atmel/studio/7.0/toolchain/avr8/avr8-gnu-toolchain/bin/../lib/gcc/avr/5.4.0/../../../../avr/lib/avr5\libm.a(floatsisf.o)
 .bss           0x00000000        0x0 c:/program files (x86)/atmel/studio/7.0/toolchain/avr8/avr8-gnu-toolchain/bin/../lib/gcc/avr/5.4.0/../../../../avr/lib/avr5\libm.a(floatsisf.o)
 .text          0x00000000        0x0 c:/program files (x86)/atmel/studio/7.0/toolchain/avr8/avr8-gnu-toolchain/bin/../lib/gcc/avr/5.4.0/avr5\libgcc.a(_exit.o)
 .data          0x00000000        0x0 c:/program files (x86)/atmel/studio/7.0/toolchain/avr8/avr8-gnu-toolchain/bin/../lib/gcc/avr/5.4.0/avr5\libgcc.a(_exit.o)
 .bss           0x00000000        0x0 c:/program files (x86)/atmel/studio/7.0/toolchain/avr8/avr8-gnu-toolchain/bin/../lib/gcc/avr/5.4.0/avr5\libgcc.a(_exit.o)
 .text.libgcc.mul
                0x00000000        0x0 c:/program files (x86)/atmel/studio/7.0/toolchain/avr8/avr8-gnu-toolchain/bin/../lib/gcc/avr/5.4.0/avr5\libgcc.a(_exit.o)
 .text.libgcc.div
                0x00000000        0x0 c:/program files (x86)/atmel/studio/7.0/toolchain/avr8/avr8-gnu-toolchain/bin/../lib/gcc/avr/5.4.0/avr5\libgcc.a(_exit.o)
 .text.libgcc   0x00000000        0x0 c:/program files (x86)/atmel/studio/7.0/toolchain/avr8/avr8-gnu-toolchain/bin/../lib/gcc/avr/5.4.0/avr5\libgcc.a(_exit.o)
 .text.libgcc.prologue
                0x00000000        0x0 c:/program files (x86)/atmel/studio/7.0/toolchain/avr8/avr8-gnu-toolchain/bin/../lib/gcc/avr/5.4.0/avr5\libgcc.a(_exit.o)
 .text.libgcc.builtins
                0x00000000        0x0 c:/program files (x86)/atmel/studio/7.0/toolchain/avr8/avr8-gnu-toolchain/bin/../lib/gcc/avr/5.4.0/avr5\libgcc.a(_exit.o)
 .text.libgcc.fmul
                0x00000000        0x0 c:/program files (x86)/atmel/studio/7.0/toolchain/avr8/avr8-gnu-toolchain/bin/../lib/gcc/avr/5.4.0/avr5\libgcc.a(_exit.o)
 .text.libgcc.fixed
                0x00000000        0x0 c:/program files (x86)/atmel/studio/7.0/toolchain/avr8/avr8-gnu-toolchain/bin/../lib/gcc/avr/5.4.0/avr5\libgcc.a(_exit.o)
 .text          0x00000000        0x0 c:/program files (x86)/atmel/studio/7.0/toolchain/avr8/avr8-gnu-toolchain/bin/../lib/gcc/avr/5.4.0/avr5\libgcc.a(_copy_data.o)
 .data          0x00000000        0x0 c:/program files (x86)/atmel/studio/7.0/toolchain/avr8/avr8-gnu-toolchain/bin/../lib/gcc/avr/5.4.0/avr5\libgcc.a(_copy_data.o)
 .bss           0x00000000        0x0 c:/program files (x86)/atmel/studio/7.0/toolchain/avr8/avr8-gnu-toolchain/bin/../lib/gcc/avr/5.4.0/avr5\libgcc.a(_copy_data.o)
 .text.libgcc.mul
                0x00000000        0x0 c:/program files (x86)/atmel/studio/7.0/toolchain/avr8/avr8-gnu-toolchain/bin/../lib/gcc/avr/5.4.0/avr5\libgcc.a(_copy_data.o)
 .text.libgcc.div
                0x00000000        0x0 c:/program files (x86)/atmel/studio/7.0/toolchain/avr8/avr8-gnu-toolchain/bin/../lib/gcc/avr/5.4.0/avr5\libgcc.a(_copy_data.o)
 .text.libgcc   0x00000000        0x0 c:/program files (x86)/atmel/studio/7.0/toolchain/avr8/avr8-gnu-toolchain/bin/../lib/gcc/avr/5.4.0/avr5\libgcc.a(_copy_data.o)
 .text.libgcc.prologue
                0x00000000        0x0 c:/program files (x86)/atmel/studio/7.0/toolchain/avr8/avr8-gnu-toolchain/bin/../lib/gcc/avr/5.4.0/avr5\libgcc.a(_copy_data.o)
 .text.libgcc.builtins
                0x00000000        0x0 c:/program files (x86)/atmel/studio/7.0/toolchain/avr8/avr8-gnu-toolchain/bin/../lib/gcc/avr/5.4.0/avr5\libgcc.a(_copy_data.o)
 .text.libgcc.fmul
                0x00000000        0x0 c:/program files (x86)/atmel/studio/7.0/toolchain/avr8/avr8-gnu-toolchain/bin/../lib/gcc/avr/5.4.0/avr5\libgcc.a(_copy_data.o)
 .text.libgcc.fixed
                0x00000000        0x0 c:/program files (x86)/atmel/studio/7.0/toolchain/avr8/avr8-gnu-toolchain/bin/../lib/gcc/avr/5.4.0/avr5\libgcc.a(_copy_data.o)
 .text          0x00000000        0x0 c:/program files (x86)/atmel/studio/7.0/toolchain/avr8/avr8-gnu-toolchain/bin/../lib/gcc/avr/5.4.0/avr5\libgcc.a(_clear_bss.o)
 .data          0x00000000        0x0 c:/program files (x86)/atmel/studio/7.0/toolchain/avr8/avr8-gnu-toolchain/bin/../lib/gcc/avr/5.4.0/avr5\libgcc.a(_clear_bss.o)
 .bss           0x00000000        0x0 c:/program files (x86)/atmel/studio/7.0/toolchain/avr8/avr8-gnu-toolchain/bin/../lib/gcc/avr/5.4.0/avr5\libgcc.a(_clear_bss.o)
 .text.libgcc.mul
                0x00000000        0x0 c:/program files (x86)/atmel/studio/7.0/toolchain/avr8/avr8-gnu-toolchain/bin/../lib/gcc/avr/5.4.0/avr5\libgcc.a(_clear_bss.o)
 .text.libgcc.div
                0x00000000        0x0 c:/program files (x86)/atmel/studio/7.0/toolchain/avr8/avr8-gnu-toolchain/bin/../lib/gcc/avr/5.4.0/avr5\libgcc.a(_clear_bss.o)
 .text.libgcc   0x00000000        0x0 c:/program files (x86)/atmel/studio/7.0/toolchain/avr8/avr8-gnu-toolchain/bin/../lib/gcc/avr/5.4.0/avr5\libgcc.a(_clear_bss.o)
 .text.libgcc.prologue
                0x00000000        0x0 c:/program files (x86)/atmel/studio/7.0/toolchain/avr8/avr8-gnu-toolchain/bin/../lib/gcc/avr/5.4.0/avr5\libgcc.a(_clear_bss.o)
 .text.libgcc.builtins
                0x00000000        0x0 c:/program files (x86)/atmel/studio/7.0/toolchain/avr8/avr8-gnu-toolchain/bin/../lib/gcc/avr/5.4.0/avr5\libgcc.a(_clear_bss.o)
 .text.libgcc.fmul
                0x00000000        0x0 c:/program files (x86)/atmel/studio/7.0/toolchain/avr8/avr8-gnu-toolchain/bin/../lib/gcc/avr/5.4.0/avr5\libgcc.a(_clear_bss.o)
 .text.libgcc.fixed
                0x00000000        0x0 c:/program files (x86)/atmel/studio/7.0/toolchain/avr8/avr8-gnu-toolchain/bin/../lib/gcc/avr/5.4.0/avr5\libgcc.a(_clear_bss.o)
 .text          0x00000000        0x0 c:/program files (x86)/atmel/studio/7.0/toolchain/avr8/avr8-gnu-toolchain/bin/../lib/gcc/avr/5.4.0/../../../../avr/lib/avr5\libc.a(dtostrf.o)
 .data          0x00000000        0x0 c:/program files (x86)/atmel/studio/7.0/toolchain/avr8/avr8-gnu-toolchain/bin/../lib/gcc/avr/5.4.0/../../../../avr/lib/avr5\libc.a(dtostrf.o)
 .bss           0x00000000        0x0 c:/program files (x86)/atmel/studio/7.0/toolchain/avr8/avr8-gnu-toolchain/bin/../lib/gcc/avr/5.4.0/../../../../avr/lib/avr5\libc.a(dtostrf.o)
 .text          0x00000000        0x0 c:/program files (x86)/atmel/studio/7.0/toolchain/avr8/avr8-gnu-toolchain/bin/../lib/gcc/avr/5.4.0/../../../../avr/lib/avr5\libc.a(dtoa_prf.o)
 .data          0x00000000        0x0 c:/program files (x86)/atmel/studio/7.0/toolchain/avr8/avr8-gnu-toolchain/bin/../lib/gcc/avr/5.4.0/../../../../avr/lib/avr5\libc.a(dtoa_prf.o)
 .bss           0x00000000        0x0 c:/program files (x86)/atmel/studio/7.0/toolchain/avr8/avr8-gnu-toolchain/bin/../lib/gcc/avr/5.4.0/../../../../avr/lib/avr5\libc.a(dtoa_prf.o)
 .text          0x00000000        0x0 c:/program files (x86)/atmel/studio/7.0/toolchain/avr8/avr8-gnu-toolchain/bin/../lib/gcc/avr/5.4.0/../../../../avr/lib/avr5\libc.a(ftoa_engine.o)
 .data          0x00000000        0x0 c:/program files (x86)/atmel/studio/7.0/toolchain/avr8/avr8-gnu-toolchain/bin/../lib/gcc/avr/5.4.0/../../../../avr/lib/avr5\libc.a(ftoa_engine.o)
 .bss           0x00000000        0x0 c:/program files (x86)/atmel/studio/7.0/toolchain/avr8/avr8-gnu-toolchain/bin/../lib/gcc/avr/5.4.0/../../../../avr/lib/avr5\libc.a(ftoa_engine.o)
 .text          0x00000000        0x0 c:/program files (x86)/atmel/studio/7.0/toolchain/avr8/avr8-gnu-toolchain/bin/../lib/gcc/avr/5.4.0/avr5\libgcc.a(_prologue.o)
 .data          0x00000000        0x0 c:/program files (x86)/atmel/studio/7.0/toolchain/avr8/avr8-gnu-toolchain/bin/../lib/gcc/avr/5.4.0/avr5\libgcc.a(_prologue.o)
 .bss           0x00000000        0x0 c:/program files (x86)/atmel/studio/7.0/toolchain/avr8/avr8-gnu-toolchain/bin/../lib/gcc/avr/5.4.0/avr5\libgcc.a(_prologue.o)
 .text.libgcc.mul
                0x00000000        0x0 c:/program files (x86)/atmel/studio/7.0/toolchain/avr8/avr8-gnu-toolchain/bin/../lib/gcc/avr/5.4.0/avr5\libgcc.a(_prologue.o)
 .text.libgcc.div
                0x00000000        0x0 c:/program files (x86)/atmel/studio/7.0/toolchain/avr8/avr8-gnu-toolchain/bin/../lib/gcc/avr/5.4.0/avr5\libgcc.a(_prologue.o)
 .text.libgcc   0x00000000        0x0 c:/program files (x86)/atmel/studio/7.0/toolchain/avr8/avr8-gnu-toolchain/bin/../lib/gcc/avr/5.4.0/avr5\libgcc.a(_prologue.o)
 .text.libgcc.builtins
                0x00000000        0x0 c:/program files (x86)/atmel/studio/7.0/toolchain/avr8/avr8-gnu-toolchain/bin/../lib/gcc/avr/5.4.0/avr5\libgcc.a(_prologue.o)
 .text.libgcc.fmul
                0x00000000        0x0 c:/program files (x86)/atmel/studio/7.0/toolchain/avr8/avr8-gnu-toolchain/bin/../lib/gcc/avr/5.4.0/avr5\libgcc.a(_prologue.o)
 .text.libgcc.fixed
                0x00000000        0x0 c:/program files (x86)/atmel/studio/7.0/toolchain/avr8/avr8-gnu-toolchain/bin/../lib/gcc/avr/5.4.0/avr5\libgcc.a(_prologue.o)
 .text          0x00000000        0x0 c:/program files (x86)/atmel/studio/7.0/toolchain/avr8/avr8-gnu-toolchain/bin/../lib/gcc/avr/5.4.0/avr5\libgcc.a(_epilogue.o)
 .data          0x00000000        0x0 c:/program files (x86)/atmel/studio/7.0/toolchain/avr8/avr8-gnu-toolchain/bin/../lib/gcc/avr/5.4.0/avr5\libgcc.a(_epilogue.o)
 .bss           0x00000000        0x0 c:/program files (x86)/atmel/studio/7.0/toolchain/avr8/avr8-gnu-toolchain/bin/../lib/gcc/avr/5.4.0/avr5\libgcc.a(_epilogue.o)
 .text.libgcc.mul
                0x00000000        0x0 c:/program files (x86)/atmel/studio/7.0/toolchain/avr8/avr8-gnu-toolchain/bin/../lib/gcc/avr/5.4.0/avr5\libgcc.a(_epilogue.o)
 .text.libgcc.div
                0x00000000        0x0 c:/program files (x86)/atmel/studio/7.0/toolchain/avr8/avr8-gnu-toolchain/bin/../lib/gcc/avr/5.4.0/avr5\libgcc.a(_epilogue.o)
 .text.libgcc   0x00000000        0x0 c:/program files (x86)/atmel/studio/7.0/toolchain/avr8/avr8-gnu-toolchain/bin/../lib/gcc/avr/5.4.0/avr5\libgcc.a(_epilogue.o)
 .text.libgcc.builtins
                0x00000000        0x0 c:/program files (x86)/atmel/studio/7.0/toolchain/avr8/avr8-gnu-toolchain/bin/../lib/gcc/avr/5.4.0/avr5\libgcc.a(_epilogue.o)
 .text.libgcc.fmul
                0x00000000        0x0 c:/program files (x86)/atmel/studio/7.0/toolchain/avr8/avr8-gnu-toolchain/bin/../lib/gcc/avr/5.4.0/avr5\libgcc.a(_epilogue.o)
 .text.libgcc.fixed
                0x00000000        0x0 c:/program files (x86)/atmel/studio/7.0/toolchain/avr8/avr8-gnu-toolchain/bin/../lib/gcc/avr/5.4.0/avr5\libgcc.a(_epilogue.o)

Memory Configuration

Name             Origin             Length             Attributes
text             0x00000000         0x00020000         xr
data             0x00800060         0x0000ffa0         rw !x
eeprom           0x00810000         0x00010000         rw !x
fuse             0x00820000         0x00000003         rw !x
lock             0x00830000         0x00000400         rw !x
signature        0x00840000         0x00000400         rw !x
user_signatures  0x00850000         0x00000400         rw !x
*default*        0x00000000         0xffffffff

Linker script and memory map

Address of section .data set to 0x800100
LOAD C:/Program Files (x86)/Atmel/Studio/7.0/Packs/atmel/ATmega_DFP/1.2.209/gcc/dev/atmega328p/avr5/crtatmega328p.o
LOAD main.o
START GROUP
LOAD c:/program files (x86)/atmel/studio/7.0/toolchain/avr8/avr8-gnu-toolchain/bin/../lib/gcc/avr/5.4.0/../../../../avr/lib/avr5\libm.a
LOAD C:\Atmel Studio 7\Projekte\I2C_BME280\I2C_BME280\libI2C_LCD_LIB.a
LOAD C:\Atmel Studio 7\Projekte\I2C_BME280\I2C_BME280\libI2C_LIB.a
LOAD C:\Atmel Studio 7\Projekte\I2C_BME280\I2C_BME280\libI2C_BME280_LIB.a
END GROUP
START GROUP
LOAD c:/program files (x86)/atmel/studio/7.0/toolchain/avr8/avr8-gnu-toolchain/bin/../lib/gcc/avr/5.4.0/avr5\libgcc.a
LOAD c:/program files (x86)/atmel/studio/7.0/toolchain/avr8/avr8-gnu-toolchain/bin/../lib/gcc/avr/5.4.0/../../../../avr/lib/avr5\libm.a
LOAD c:/program files (x86)/atmel/studio/7.0/toolchain/avr8/avr8-gnu-toolchain/bin/../lib/gcc/avr/5.4.0/../../../../avr/lib/avr5\libc.a
LOAD C:/Program Files (x86)/Atmel/Studio/7.0/Packs/atmel/ATmega_DFP/1.2.209/gcc/dev/atmega328p/avr5\libatmega328p.a
END GROUP
                0x00020000                __TEXT_REGION_LENGTH__ = DEFINED (__TEXT_REGION_LENGTH__)?__TEXT_REGION_LENGTH__:0x20000
                0x0000ffa0                __DATA_REGION_LENGTH__ = DEFINED (__DATA_REGION_LENGTH__)?__DATA_REGION_LENGTH__:0xffa0
                0x00010000                __EEPROM_REGION_LENGTH__ = DEFINED (__EEPROM_REGION_LENGTH__)?__EEPROM_REGION_LENGTH__:0x10000
                [0x00000003]                __FUSE_REGION_LENGTH__ = DEFINED (__FUSE_REGION_LENGTH__)?__FUSE_REGION_LENGTH__:0x400
                0x00000400                __LOCK_REGION_LENGTH__ = DEFINED (__LOCK_REGION_LENGTH__)?__LOCK_REGION_LENGTH__:0x400
                0x00000400                __SIGNATURE_REGION_LENGTH__ = DEFINED (__SIGNATURE_REGION_LENGTH__)?__SIGNATURE_REGION_LENGTH__:0x400
                0x00000400                __USER_SIGNATURE_REGION_LENGTH__ = DEFINED (__USER_SIGNATURE_REGION_LENGTH__)?__USER_SIGNATURE_REGION_LENGTH__:0x400

.hash
 *(.hash)

.dynsym
 *(.dynsym)

.dynstr
 *(.dynstr)

.gnu.version
 *(.gnu.version)

.gnu.version_d
 *(.gnu.version_d)

.gnu.version_r
 *(.gnu.version_r)

.rel.init
 *(.rel.init)

.rela.init
 *(.rela.init)

.rel.text
 *(.rel.text)
 *(.rel.text.*)
 *(.rel.gnu.linkonce.t*)

.rela.text
 *(.rela.text)
 *(.rela.text.*)
 *(.rela.gnu.linkonce.t*)

.rel.fini
 *(.rel.fini)

.rela.fini
 *(.rela.fini)

.rel.rodata
 *(.rel.rodata)
 *(.rel.rodata.*)
 *(.rel.gnu.linkonce.r*)

.rela.rodata
 *(.rela.rodata)
 *(.rela.rodata.*)
 *(.rela.gnu.linkonce.r*)

.rel.data
 *(.rel.data)
 *(.rel.data.*)
 *(.rel.gnu.linkonce.d*)

.rela.data
 *(.rela.data)
 *(.rela.data.*)
 *(.rela.gnu.linkonce.d*)

.rel.ctors
 *(.rel.ctors)

.rela.ctors
 *(.rela.ctors)

.rel.dtors
 *(.rel.dtors)

.rela.dtors
 *(.rela.dtors)

.rel.got
 *(.rel.got)

.rela.got
 *(.rela.got)

.rel.bss
 *(.rel.bss)

.rela.bss
 *(.rela.bss)

.rel.plt
 *(.rel.plt)

.rela.plt
 *(.rela.plt)

.text           0x00000000     0x29f0
 *(.vectors)
 .vectors       0x00000000       0x68 C:/Program Files (x86)/Atmel/Studio/7.0/Packs/atmel/ATmega_DFP/1.2.209/gcc/dev/atmega328p/avr5/crtatmega328p.o
                0x00000000                __vector_default
                0x00000000                __vectors
 *(.vectors)
 *(.progmem.gcc*)
                0x00000068                . = ALIGN (0x2)
                0x00000068                __trampolines_start = .
 *(.trampolines)
 .trampolines   0x00000068        0x0 linker stubs
 *(.trampolines*)
                0x00000068                __trampolines_end = .
 *libprintf_flt.a:*(.progmem.data)
 *libc.a:*(.progmem.data)
 .progmem.data  0x00000068       0xfa c:/program files (x86)/atmel/studio/7.0/toolchain/avr8/avr8-gnu-toolchain/bin/../lib/gcc/avr/5.4.0/../../../../avr/lib/avr5\libc.a(ftoa_engine.o)
 *(.progmem*)
                0x00000162                . = ALIGN (0x2)
 *(.jumptables)
 *(.jumptables*)
 *(.lowtext)
 *(.lowtext*)
                0x00000162                __ctors_start = .
 *(.ctors)
                0x00000162                __ctors_end = .
                0x00000162                __dtors_start = .
 *(.dtors)
                0x00000162                __dtors_end = .
 SORT(*)(.ctors)
 SORT(*)(.dtors)
 *(.init0)
 .init0         0x00000162        0x0 C:/Program Files (x86)/Atmel/Studio/7.0/Packs/atmel/ATmega_DFP/1.2.209/gcc/dev/atmega328p/avr5/crtatmega328p.o
                0x00000162                __init
 *(.init0)
 *(.init1)
 *(.init1)
 *(.init2)
 .init2         0x00000162        0xc C:/Program Files (x86)/Atmel/Studio/7.0/Packs/atmel/ATmega_DFP/1.2.209/gcc/dev/atmega328p/avr5/crtatmega328p.o
 *(.init2)
 *(.init3)
 *(.init3)
 *(.init4)
 .init4         0x0000016e       0x16 c:/program files (x86)/atmel/studio/7.0/toolchain/avr8/avr8-gnu-toolchain/bin/../lib/gcc/avr/5.4.0/avr5\libgcc.a(_copy_data.o)
                0x0000016e                __do_copy_data
 .init4         0x00000184       0x10 c:/program files (x86)/atmel/studio/7.0/toolchain/avr8/avr8-gnu-toolchain/bin/../lib/gcc/avr/5.4.0/avr5\libgcc.a(_clear_bss.o)
                0x00000184                __do_clear_bss
 *(.init4)
 *(.init5)
 *(.init5)
 *(.init6)
 *(.init6)
 *(.init7)
 *(.init7)
 *(.init8)
 *(.init8)
 *(.init9)
 .init9         0x00000194        0x8 C:/Program Files (x86)/Atmel/Studio/7.0/Packs/atmel/ATmega_DFP/1.2.209/gcc/dev/atmega328p/avr5/crtatmega328p.o
 *(.init9)
 *(.text)
 .text          0x0000019c        0x4 C:/Program Files (x86)/Atmel/Studio/7.0/Packs/atmel/ATmega_DFP/1.2.209/gcc/dev/atmega328p/avr5/crtatmega328p.o
                0x0000019c                __vector_22
                0x0000019c                __vector_1
                0x0000019c                __vector_24
                0x0000019c                __vector_12
                0x0000019c                __bad_interrupt
                0x0000019c                __vector_6
                0x0000019c                __vector_3
                0x0000019c                __vector_23
                0x0000019c                __vector_25
                0x0000019c                __vector_11
                0x0000019c                __vector_13
                0x0000019c                __vector_17
                0x0000019c                __vector_19
                0x0000019c                __vector_7
                0x0000019c                __vector_5
                0x0000019c                __vector_4
                0x0000019c                __vector_9
                0x0000019c                __vector_2
                0x0000019c                __vector_21
                0x0000019c                __vector_15
                0x0000019c                __vector_8
                0x0000019c                __vector_14
                0x0000019c                __vector_10
                0x0000019c                __vector_16
                0x0000019c                __vector_18
                0x0000019c                __vector_20
                0x000001a0                . = ALIGN (0x2)
 *(.text.*)
 .text.main     0x000001a0      0x22e main.o
                0x000001a0                main
 .text.avr-libc.fplib
                0x000003ce        0xa c:/program files (x86)/atmel/studio/7.0/toolchain/avr8/avr8-gnu-toolchain/bin/../lib/gcc/avr/5.4.0/../../../../avr/lib/avr5\libm.a(cmpsf2.o)
                0x000003ce                __nesf2
                0x000003ce                __eqsf2
                0x000003ce                __cmpsf2
                0x000003ce                __ltsf2
                0x000003ce                __lesf2
 .text.avr-libc.fplib
                0x000003d8        0x8 c:/program files (x86)/atmel/studio/7.0/toolchain/avr8/avr8-gnu-toolchain/bin/../lib/gcc/avr/5.4.0/../../../../avr/lib/avr5\libm.a(divsf3.o)
                0x000003d8                __divsf3
 .text.avr-libc.fplib
                0x000003e0       0xdc c:/program files (x86)/atmel/studio/7.0/toolchain/avr8/avr8-gnu-toolchain/bin/../lib/gcc/avr/5.4.0/../../../../avr/lib/avr5\libm.a(divsf3x.o)
                0x00000400                __divsf3x
                0x00000406                __divsf3_pse
 .text.avr-libc.fplib
                0x000004bc       0x5e c:/program files (x86)/atmel/studio/7.0/toolchain/avr8/avr8-gnu-toolchain/bin/../lib/gcc/avr/5.4.0/../../../../avr/lib/avr5\libm.a(fixunssfsi.o)
                0x000004bc                __fixunssfsi
 .text.avr-libc.fplib
                0x0000051a       0x48 c:/program files (x86)/atmel/studio/7.0/toolchain/avr8/avr8-gnu-toolchain/bin/../lib/gcc/avr/5.4.0/../../../../avr/lib/avr5\libm.a(fp_cmp.o)
                0x0000051a                __fp_cmp
 .text.avr-libc.fplib
                0x00000562        0xc c:/program files (x86)/atmel/studio/7.0/toolchain/avr8/avr8-gnu-toolchain/bin/../lib/gcc/avr/5.4.0/../../../../avr/lib/avr5\libm.a(fp_inf.o)
                0x00000562                __fp_inf
 .text.avr-libc.fplib
                0x0000056e        0x6 c:/program files (x86)/atmel/studio/7.0/toolchain/avr8/avr8-gnu-toolchain/bin/../lib/gcc/avr/5.4.0/../../../../avr/lib/avr5\libm.a(fp_nan.o)
                0x0000056e                __fp_nan
 .text.avr-libc.fplib
                0x00000574        0xe c:/program files (x86)/atmel/studio/7.0/toolchain/avr8/avr8-gnu-toolchain/bin/../lib/gcc/avr/5.4.0/../../../../avr/lib/avr5\libm.a(fp_pscA.o)
                0x00000574                __fp_pscA
 .text.avr-libc.fplib
                0x00000582        0xe c:/program files (x86)/atmel/studio/7.0/toolchain/avr8/avr8-gnu-toolchain/bin/../lib/gcc/avr/5.4.0/../../../../avr/lib/avr5\libm.a(fp_pscB.o)
                0x00000582                __fp_pscB
 .text.avr-libc.fplib
                0x00000590       0x22 c:/program files (x86)/atmel/studio/7.0/toolchain/avr8/avr8-gnu-toolchain/bin/../lib/gcc/avr/5.4.0/../../../../avr/lib/avr5\libm.a(fp_round.o)
                0x00000590                __fp_round
 .text.avr-libc.fplib
                0x000005b2       0x44 c:/program files (x86)/atmel/studio/7.0/toolchain/avr8/avr8-gnu-toolchain/bin/../lib/gcc/avr/5.4.0/../../../../avr/lib/avr5\libm.a(fp_split3.o)
                0x000005b2                __fp_split3
                0x000005c2                __fp_splitA
 .text.avr-libc.fplib
                0x000005f6        0xe c:/program files (x86)/atmel/studio/7.0/toolchain/avr8/avr8-gnu-toolchain/bin/../lib/gcc/avr/5.4.0/../../../../avr/lib/avr5\libm.a(fp_zero.o)
                0x000005f6                __fp_zero
                0x000005f8                __fp_szero
 .text.avr-libc.fplib
                0x00000604        0xa c:/program files (x86)/atmel/studio/7.0/toolchain/avr8/avr8-gnu-toolchain/bin/../lib/gcc/avr/5.4.0/../../../../avr/lib/avr5\libm.a(gesf2.o)
                0x00000604                __gesf2
                0x00000604                __gtsf2
 .text.avr-libc.fplib
                0x0000060e        0x8 c:/program files (x86)/atmel/studio/7.0/toolchain/avr8/avr8-gnu-toolchain/bin/../lib/gcc/avr/5.4.0/../../../../avr/lib/avr5\libm.a(mulsf3.o)
                0x0000060e                __mulsf3
 .text.avr-libc.fplib
                0x00000616       0xd2 c:/program files (x86)/atmel/studio/7.0/toolchain/avr8/avr8-gnu-toolchain/bin/../lib/gcc/avr/5.4.0/../../../../avr/lib/avr5\libm.a(mulsf3x.o)
                0x00000634                __mulsf3x
                0x0000063a                __mulsf3_pse
 .text.initLCD  0x000006e8      0x14c C:\Atmel Studio 7\Projekte\I2C_BME280\I2C_BME280\libI2C_LCD_LIB.a(library.o)
                0x000006e8                initLCD
 .text.sendCommand
                0x00000834       0x50 C:\Atmel Studio 7\Projekte\I2C_BME280\I2C_BME280\libI2C_LCD_LIB.a(library.o)
                0x00000834                sendCommand
 .text.sendData
                0x00000884       0x50 C:\Atmel Studio 7\Projekte\I2C_BME280\I2C_BME280\libI2C_LCD_LIB.a(library.o)
                0x00000884                sendData
 .text.setCursor
                0x000008d4       0x12 C:\Atmel Studio 7\Projekte\I2C_BME280\I2C_BME280\libI2C_LCD_LIB.a(library.o)
                0x000008d4                setCursor
 .text.writeChar
                0x000008e6        0x6 C:\Atmel Studio 7\Projekte\I2C_BME280\I2C_BME280\libI2C_LCD_LIB.a(library.o)
                0x000008e6                writeChar
 .text.writeString
                0x000008ec       0x2c C:\Atmel Studio 7\Projekte\I2C_BME280\I2C_BME280\libI2C_LCD_LIB.a(library.o)
                0x000008ec                writeString
 .text.initI2C  0x00000918       0x6c C:\Atmel Studio 7\Projekte\I2C_BME280\I2C_BME280\libI2C_LIB.a(library.o)
                0x00000918                initI2C
 .text.delay_I2C
                0x00000984      0x316 C:\Atmel Studio 7\Projekte\I2C_BME280\I2C_BME280\libI2C_LIB.a(library.o)
                0x00000984                delay_I2C
 .text.sendStartCondition
                0x00000c9a       0x60 C:\Atmel Studio 7\Projekte\I2C_BME280\I2C_BME280\libI2C_LIB.a(library.o)
                0x00000c9a                sendStartCondition
 .text.sendStopCondition
                0x00000cfa       0x60 C:\Atmel Studio 7\Projekte\I2C_BME280\I2C_BME280\libI2C_LIB.a(library.o)
                0x00000cfa                sendStopCondition
 .text.sendByte
                0x00000d5a       0xf8 C:\Atmel Studio 7\Projekte\I2C_BME280\I2C_BME280\libI2C_LIB.a(library.o)
                0x00000d5a                sendByte
 .text.readRegister
                0x00000e52      0x108 C:\Atmel Studio 7\Projekte\I2C_BME280\I2C_BME280\libI2C_LIB.a(library.o)
                0x00000e52                readRegister
 .text.sendBit  0x00000f5a       0x48 C:\Atmel Studio 7\Projekte\I2C_BME280\I2C_BME280\libI2C_LIB.a(library.o)
                0x00000f5a                sendBit
 .text.BME280_init
                0x00000fa2       0x26 C:\Atmel Studio 7\Projekte\I2C_BME280\I2C_BME280\libI2C_BME280_LIB.a(library.o)
                0x00000fa2                BME280_init
 .text.BME280_set_standby_time
                0x00000fc8       0x4a C:\Atmel Studio 7\Projekte\I2C_BME280\I2C_BME280\libI2C_BME280_LIB.a(library.o)
                0x00000fc8                BME280_set_standby_time
 .text.BME280_set_standby_time_62_5
                0x00001012       0x14 C:\Atmel Studio 7\Projekte\I2C_BME280\I2C_BME280\libI2C_BME280_LIB.a(library.o)
                0x00001012                BME280_set_standby_time_62_5
 .text.BME280_set_temperature_oversampling
                0x00001026       0x30 C:\Atmel Studio 7\Projekte\I2C_BME280\I2C_BME280\libI2C_BME280_LIB.a(library.o)
                0x00001026                BME280_set_temperature_oversampling
 .text.BME280_set_temperature_oversampling_1
                0x00001056       0x14 C:\Atmel Studio 7\Projekte\I2C_BME280\I2C_BME280\libI2C_BME280_LIB.a(library.o)
                0x00001056                BME280_set_temperature_oversampling_1
 .text.BME280_set_pressure_oversampling
                0x0000106a       0x30 C:\Atmel Studio 7\Projekte\I2C_BME280\I2C_BME280\libI2C_BME280_LIB.a(library.o)
                0x0000106a                BME280_set_pressure_oversampling
 .text.BME280_set_pressure_oversampling_1
                0x0000109a       0x14 C:\Atmel Studio 7\Projekte\I2C_BME280\I2C_BME280\libI2C_BME280_LIB.a(library.o)
                0x0000109a                BME280_set_pressure_oversampling_1
 .text.BME280_set_humidity_oversampling
                0x000010ae       0x30 C:\Atmel Studio 7\Projekte\I2C_BME280\I2C_BME280\libI2C_BME280_LIB.a(library.o)
                0x000010ae                BME280_set_humidity_oversampling
 .text.BME280_set_humidity_oversampling_1
                0x000010de       0x14 C:\Atmel Studio 7\Projekte\I2C_BME280\I2C_BME280\libI2C_BME280_LIB.a(library.o)
                0x000010de                BME280_set_humidity_oversampling_1
 .text.BME280_set_filter_coefficient
                0x000010f2       0x4a C:\Atmel Studio 7\Projekte\I2C_BME280\I2C_BME280\libI2C_BME280_LIB.a(library.o)
                0x000010f2                BME280_set_filter_coefficient
 .text.BME280_set_filter_coefficient_2
                0x0000113c       0x14 C:\Atmel Studio 7\Projekte\I2C_BME280\I2C_BME280\libI2C_BME280_LIB.a(library.o)
                0x0000113c                BME280_set_filter_coefficient_2
 .text.BME280_set_mode
                0x00001150       0x30 C:\Atmel Studio 7\Projekte\I2C_BME280\I2C_BME280\libI2C_BME280_LIB.a(library.o)
                0x00001150                BME280_set_mode
 .text.BME280_set_sleep_mode
                0x00001180       0x14 C:\Atmel Studio 7\Projekte\I2C_BME280\I2C_BME280\libI2C_BME280_LIB.a(library.o)
                0x00001180                BME280_set_sleep_mode
 .text.BME280_set_normal_mode
                0x00001194       0x14 C:\Atmel Studio 7\Projekte\I2C_BME280\I2C_BME280\libI2C_BME280_LIB.a(library.o)
                0x00001194                BME280_set_normal_mode
 .text.BME280_get_mode
                0x000011a8       0x16 C:\Atmel Studio 7\Projekte\I2C_BME280\I2C_BME280\libI2C_BME280_LIB.a(library.o)
                0x000011a8                BME280_get_mode
 .text.BME280_calibrate_temperature
                0x000011be       0xea C:\Atmel Studio 7\Projekte\I2C_BME280\I2C_BME280\libI2C_BME280_LIB.a(library.o)
                0x000011be                BME280_calibrate_temperature
 .text.BME280_calibrate_pressure
                0x000012a8      0x29a C:\Atmel Studio 7\Projekte\I2C_BME280\I2C_BME280\libI2C_BME280_LIB.a(library.o)
                0x000012a8                BME280_calibrate_pressure
 .text.BME280_calibrate_humidity
                0x00001542      0x13e C:\Atmel Studio 7\Projekte\I2C_BME280\I2C_BME280\libI2C_BME280_LIB.a(library.o)
                0x00001542                BME280_calibrate_humidity
 .text.BME280_get_temperature
                0x00001680       0xe6 C:\Atmel Studio 7\Projekte\I2C_BME280\I2C_BME280\libI2C_BME280_LIB.a(library.o)
                0x00001680                BME280_get_temperature
 .text.BME280_get_pressure
                0x00001766       0xe6 C:\Atmel Studio 7\Projekte\I2C_BME280\I2C_BME280\libI2C_BME280_LIB.a(library.o)
                0x00001766                BME280_get_pressure
 .text.BME280_get_humidity
                0x0000184c       0x8e C:\Atmel Studio 7\Projekte\I2C_BME280\I2C_BME280\libI2C_BME280_LIB.a(library.o)
                0x0000184c                BME280_get_humidity
 .text.BME280_compensate_T_double
                0x000018da      0x278 C:\Atmel Studio 7\Projekte\I2C_BME280\I2C_BME280\libI2C_BME280_LIB.a(library.o)
                0x000018da                BME280_compensate_T_double
 .text.BME280_compensate_P_double
                0x00001b52      0x49e C:\Atmel Studio 7\Projekte\I2C_BME280\I2C_BME280\libI2C_BME280_LIB.a(library.o)
                0x00001b52                BME280_compensate_P_double
 .text.BME280_compensate_H_double
                0x00001ff0      0x31e C:\Atmel Studio 7\Projekte\I2C_BME280\I2C_BME280\libI2C_BME280_LIB.a(library.o)
                0x00001ff0                BME280_compensate_H_double
 .text.writeToRegister
                0x0000230e       0x4c C:\Atmel Studio 7\Projekte\I2C_BME280\I2C_BME280\libI2C_BME280_LIB.a(library.o)
                0x0000230e                writeToRegister
 .text.readFromRegister
                0x0000235a       0x1e C:\Atmel Studio 7\Projekte\I2C_BME280\I2C_BME280\libI2C_BME280_LIB.a(library.o)
                0x0000235a                readFromRegister
 .text.avr-libc.fplib
                0x00002378        0xe c:/program files (x86)/atmel/studio/7.0/toolchain/avr8/avr8-gnu-toolchain/bin/../lib/gcc/avr/5.4.0/../../../../avr/lib/avr5\libm.a(addsf3.o)
                0x00002378                __subsf3
                0x0000237a                __addsf3
 .text.avr-libc.fplib
                0x00002386       0xcc c:/program files (x86)/atmel/studio/7.0/toolchain/avr8/avr8-gnu-toolchain/bin/../lib/gcc/avr/5.4.0/../../../../avr/lib/avr5\libm.a(addsf3x.o)
                0x000023a8                __addsf3x
 .text.avr-libc.fplib
                0x00002452        0xe c:/program files (x86)/atmel/studio/7.0/toolchain/avr8/avr8-gnu-toolchain/bin/../lib/gcc/avr/5.4.0/../../../../avr/lib/avr5\libm.a(fixsfsi.o)
                0x00002452                __fixsfsi
 .text.avr-libc.fplib
                0x00002460       0x7a c:/program files (x86)/atmel/studio/7.0/toolchain/avr8/avr8-gnu-toolchain/bin/../lib/gcc/avr/5.4.0/../../../../avr/lib/avr5\libm.a(floatsisf.o)
                0x00002460                __floatunsisf
                0x00002464                __floatsisf
 .text.avr-libc
                0x000024da       0x40 c:/program files (x86)/atmel/studio/7.0/toolchain/avr8/avr8-gnu-toolchain/bin/../lib/gcc/avr/5.4.0/../../../../avr/lib/avr5\libc.a(dtostrf.o)
                0x000024da                dtostrf
 .text.avr-libc
                0x0000251a      0x2b4 c:/program files (x86)/atmel/studio/7.0/toolchain/avr8/avr8-gnu-toolchain/bin/../lib/gcc/avr/5.4.0/../../../../avr/lib/avr5\libc.a(dtoa_prf.o)
                0x0000251a                dtoa_prf
 .text.avr-libc
                0x000027ce      0x1b0 c:/program files (x86)/atmel/studio/7.0/toolchain/avr8/avr8-gnu-toolchain/bin/../lib/gcc/avr/5.4.0/../../../../avr/lib/avr5\libc.a(ftoa_engine.o)
                0x000027ce                __ftoa_engine
 .text.libgcc.prologue
                0x0000297e       0x38 c:/program files (x86)/atmel/studio/7.0/toolchain/avr8/avr8-gnu-toolchain/bin/../lib/gcc/avr/5.4.0/avr5\libgcc.a(_prologue.o)
                0x0000297e                __prologue_saves__
 .text.libgcc.prologue
                0x000029b6       0x36 c:/program files (x86)/atmel/studio/7.0/toolchain/avr8/avr8-gnu-toolchain/bin/../lib/gcc/avr/5.4.0/avr5\libgcc.a(_epilogue.o)
                0x000029b6                __epilogue_restores__
                0x000029ec                . = ALIGN (0x2)
 *(.fini9)
 .fini9         0x000029ec        0x0 c:/program files (x86)/atmel/studio/7.0/toolchain/avr8/avr8-gnu-toolchain/bin/../lib/gcc/avr/5.4.0/avr5\libgcc.a(_exit.o)
                0x000029ec                _exit
                0x000029ec                exit
 *(.fini9)
 *(.fini8)
 *(.fini8)
 *(.fini7)
 *(.fini7)
 *(.fini6)
 *(.fini6)
 *(.fini5)
 *(.fini5)
 *(.fini4)
 *(.fini4)
 *(.fini3)
 *(.fini3)
 *(.fini2)
 *(.fini2)
 *(.fini1)
 *(.fini1)
 *(.fini0)
 .fini0         0x000029ec        0x4 c:/program files (x86)/atmel/studio/7.0/toolchain/avr8/avr8-gnu-toolchain/bin/../lib/gcc/avr/5.4.0/avr5\libgcc.a(_exit.o)
 *(.fini0)
                0x000029f0                _etext = .

.data           0x00800100        0xc load address 0x000029f0
                0x00800100                PROVIDE (__data_start, .)
 *(.data)
 *(.data*)
 .data.delaytime
                0x00800100        0x4 C:\Atmel Studio 7\Projekte\I2C_BME280\I2C_BME280\libI2C_LIB.a(library.o)
                0x00800100                delaytime
 .data.delayunit
                0x00800104        0x1 C:\Atmel Studio 7\Projekte\I2C_BME280\I2C_BME280\libI2C_LIB.a(library.o)
                0x00800104                delayunit
 *(.gnu.linkonce.d*)
 *(.rodata)
 .rodata        0x00800105        0x7 main.o
 *(.rodata*)
 *(.gnu.linkonce.r*)
                0x0080010c                . = ALIGN (0x2)
                0x0080010c                _edata = .
                0x0080010c                PROVIDE (__data_end, .)

.bss            0x0080010c       0x28
                0x0080010c                PROVIDE (__bss_start, .)
 *(.bss)
 *(.bss*)
 .bss.savedSlaveAddress
                0x0080010c        0x1 C:\Atmel Studio 7\Projekte\I2C_BME280\I2C_BME280\libI2C_LCD_LIB.a(library.o)
                0x0080010c                savedSlaveAddress
 .bss.slaveAddressR
                0x0080010d        0x1 C:\Atmel Studio 7\Projekte\I2C_BME280\I2C_BME280\libI2C_BME280_LIB.a(library.o)
                0x0080010d                slaveAddressR
 .bss.slaveAddressW
                0x0080010e        0x1 C:\Atmel Studio 7\Projekte\I2C_BME280\I2C_BME280\libI2C_BME280_LIB.a(library.o)
                0x0080010e                slaveAddressW
 *(COMMON)
 COMMON         0x0080010f       0x25 C:\Atmel Studio 7\Projekte\I2C_BME280\I2C_BME280\libI2C_BME280_LIB.a(library.o)
                0x0080010f                dig_P7
                0x00800111                dig_T1
                0x00800113                dig_H4
                0x00800115                dig_T2
                0x00800117                dig_H1
                0x00800118                dig_P2
                0x0080011a                dig_P4
                0x0080011c                dig_H6
                0x0080011d                dig_P5
                0x0080011f                dig_P1
                0x00800121                dig_P3
                0x00800123                dig_P8
                0x00800125                dig_H5
                0x00800127                dig_H3
                0x00800128                dig_P9
                0x0080012a                dig_T3
                0x0080012c                dig_P6
                0x0080012e                dig_H2
                0x00800130                t_fine
                0x00800134                PROVIDE (__bss_end, .)
                0x000029f0                __data_load_start = LOADADDR (.data)
                0x000029fc                __data_load_end = (__data_load_start + SIZEOF (.data))

.noinit         0x00800134        0x0
                [!provide]                PROVIDE (__noinit_start, .)
 *(.noinit*)
                [!provide]                PROVIDE (__noinit_end, .)
                0x00800134                _end = .
                [!provide]                PROVIDE (__heap_start, .)

.eeprom         0x00810000        0x0
 *(.eeprom*)
                0x00810000                __eeprom_end = .

.fuse
 *(.fuse)
 *(.lfuse)
 *(.hfuse)
 *(.efuse)

.lock
 *(.lock*)

.signature
 *(.signature*)

.user_signatures
 *(.user_signatures*)

.stab
 *(.stab)

.stabstr
 *(.stabstr)

.stab.excl
 *(.stab.excl)

.stab.exclstr
 *(.stab.exclstr)

.stab.index
 *(.stab.index)

.stab.indexstr
 *(.stab.indexstr)

.comment        0x00000000       0x30
 *(.comment)
 .comment       0x00000000       0x30 main.o
                                 0x31 (size before relaxing)
 .comment       0x00000030       0x31 C:\Atmel Studio 7\Projekte\I2C_BME280\I2C_BME280\libI2C_LCD_LIB.a(library.o)
 .comment       0x00000030       0x31 C:\Atmel Studio 7\Projekte\I2C_BME280\I2C_BME280\libI2C_LIB.a(library.o)
 .comment       0x00000030       0x31 C:\Atmel Studio 7\Projekte\I2C_BME280\I2C_BME280\libI2C_BME280_LIB.a(library.o)
 .comment       0x00000030       0x31 c:/program files (x86)/atmel/studio/7.0/toolchain/avr8/avr8-gnu-toolchain/bin/../lib/gcc/avr/5.4.0/../../../../avr/lib/avr5\libc.a(dtostrf.o)
 .comment       0x00000030       0x31 c:/program files (x86)/atmel/studio/7.0/toolchain/avr8/avr8-gnu-toolchain/bin/../lib/gcc/avr/5.4.0/../../../../avr/lib/avr5\libc.a(dtoa_prf.o)

.note.gnu.avr.deviceinfo
                0x00000000       0x40
 .note.gnu.avr.deviceinfo
                0x00000000       0x40 C:/Program Files (x86)/Atmel/Studio/7.0/Packs/atmel/ATmega_DFP/1.2.209/gcc/dev/atmega328p/avr5/crtatmega328p.o

.note.gnu.build-id
 *(.note.gnu.build-id)

.debug
 *(.debug)

.line
 *(.line)

.debug_srcinfo
 *(.debug_srcinfo)

.debug_sfnames
 *(.debug_sfnames)

.debug_aranges  0x00000000      0x2b8
 *(.debug_aranges)
 .debug_aranges
                0x00000000       0x20 main.o
 .debug_aranges
                0x00000020       0x50 C:\Atmel Studio 7\Projekte\I2C_BME280\I2C_BME280\libI2C_LCD_LIB.a(library.o)
 .debug_aranges
                0x00000070       0x58 C:\Atmel Studio 7\Projekte\I2C_BME280\I2C_BME280\libI2C_LIB.a(library.o)
 .debug_aranges
                0x000000c8      0x1f0 C:\Atmel Studio 7\Projekte\I2C_BME280\I2C_BME280\libI2C_BME280_LIB.a(library.o)

.debug_pubnames
 *(.debug_pubnames)

.debug_info     0x00000000     0x1fbc
 *(.debug_info .gnu.linkonce.wi.*)
 .debug_info    0x00000000      0x5f4 C:/Program Files (x86)/Atmel/Studio/7.0/Packs/atmel/ATmega_DFP/1.2.209/gcc/dev/atmega328p/avr5/crtatmega328p.o
 .debug_info    0x000005f4      0x1c2 main.o
 .debug_info    0x000007b6      0x922 C:\Atmel Studio 7\Projekte\I2C_BME280\I2C_BME280\libI2C_LCD_LIB.a(library.o)
 .debug_info    0x000010d8      0x48a C:\Atmel Studio 7\Projekte\I2C_BME280\I2C_BME280\libI2C_LIB.a(library.o)
 .debug_info    0x00001562      0xa5a C:\Atmel Studio 7\Projekte\I2C_BME280\I2C_BME280\libI2C_BME280_LIB.a(library.o)

.debug_abbrev   0x00000000      0xb97
 *(.debug_abbrev)
 .debug_abbrev  0x00000000      0x5a2 C:/Program Files (x86)/Atmel/Studio/7.0/Packs/atmel/ATmega_DFP/1.2.209/gcc/dev/atmega328p/avr5/crtatmega328p.o
 .debug_abbrev  0x000005a2      0x103 main.o
 .debug_abbrev  0x000006a5      0x1c7 C:\Atmel Studio 7\Projekte\I2C_BME280\I2C_BME280\libI2C_LCD_LIB.a(library.o)
 .debug_abbrev  0x0000086c      0x1cc C:\Atmel Studio 7\Projekte\I2C_BME280\I2C_BME280\libI2C_LIB.a(library.o)
 .debug_abbrev  0x00000a38      0x15f C:\Atmel Studio 7\Projekte\I2C_BME280\I2C_BME280\libI2C_BME280_LIB.a(library.o)

.debug_line     0x00000000     0x15c5
 *(.debug_line .debug_line.* .debug_line_end)
 .debug_line    0x00000000      0x133 C:/Program Files (x86)/Atmel/Studio/7.0/Packs/atmel/ATmega_DFP/1.2.209/gcc/dev/atmega328p/avr5/crtatmega328p.o
 .debug_line    0x00000133      0x24e main.o
 .debug_line    0x00000381      0x36b C:\Atmel Studio 7\Projekte\I2C_BME280\I2C_BME280\libI2C_LCD_LIB.a(library.o)
 .debug_line    0x000006ec      0x50f C:\Atmel Studio 7\Projekte\I2C_BME280\I2C_BME280\libI2C_LIB.a(library.o)
 .debug_line    0x00000bfb      0x9ca C:\Atmel Studio 7\Projekte\I2C_BME280\I2C_BME280\libI2C_BME280_LIB.a(library.o)

.debug_frame    0x00000000      0xa08
 *(.debug_frame)
 .debug_frame   0x00000000       0x54 main.o
 .debug_frame   0x00000054       0xb4 C:\Atmel Studio 7\Projekte\I2C_BME280\I2C_BME280\libI2C_LCD_LIB.a(library.o)
 .debug_frame   0x00000108      0x114 C:\Atmel Studio 7\Projekte\I2C_BME280\I2C_BME280\libI2C_LIB.a(library.o)
 .debug_frame   0x0000021c      0x7ec C:\Atmel Studio 7\Projekte\I2C_BME280\I2C_BME280\libI2C_BME280_LIB.a(library.o)

.debug_str      0x00000000      0xe52
 *(.debug_str)
 .debug_str     0x00000000      0x208 C:/Program Files (x86)/Atmel/Studio/7.0/Packs/atmel/ATmega_DFP/1.2.209/gcc/dev/atmega328p/avr5/crtatmega328p.o
 .debug_str     0x00000208      0x1a5 main.o
                                0x1e5 (size before relaxing)
 .debug_str     0x000003ad      0x1e7 C:\Atmel Studio 7\Projekte\I2C_BME280\I2C_BME280\libI2C_LCD_LIB.a(library.o)
                                0x26f (size before relaxing)
 .debug_str     0x00000594       0xcf C:\Atmel Studio 7\Projekte\I2C_BME280\I2C_BME280\libI2C_LIB.a(library.o)
                                0x294 (size before relaxing)
 .debug_str     0x00000663      0x7ef C:\Atmel Studio 7\Projekte\I2C_BME280\I2C_BME280\libI2C_BME280_LIB.a(library.o)
                                0x9e9 (size before relaxing)

.debug_loc      0x00000000     0x180a
 *(.debug_loc)
 .debug_loc     0x00000000       0x96 main.o
 .debug_loc     0x00000096      0x5bf C:\Atmel Studio 7\Projekte\I2C_BME280\I2C_BME280\libI2C_LCD_LIB.a(library.o)
 .debug_loc     0x00000655      0x224 C:\Atmel Studio 7\Projekte\I2C_BME280\I2C_BME280\libI2C_LIB.a(library.o)
 .debug_loc     0x00000879      0xf91 C:\Atmel Studio 7\Projekte\I2C_BME280\I2C_BME280\libI2C_BME280_LIB.a(library.o)

.debug_macinfo
 *(.debug_macinfo)

.debug_weaknames
 *(.debug_weaknames)

.debug_funcnames
 *(.debug_funcnames)

.debug_typenames
 *(.debug_typenames)

.debug_varnames
 *(.debug_varnames)

.debug_pubtypes
 *(.debug_pubtypes)

.debug_ranges   0x00000000      0x2a8
 *(.debug_ranges)
 .debug_ranges  0x00000000       0x10 main.o
 .debug_ranges  0x00000010       0x40 C:\Atmel Studio 7\Projekte\I2C_BME280\I2C_BME280\libI2C_LCD_LIB.a(library.o)
 .debug_ranges  0x00000050       0x78 C:\Atmel Studio 7\Projekte\I2C_BME280\I2C_BME280\libI2C_LIB.a(library.o)
 .debug_ranges  0x000000c8      0x1e0 C:\Atmel Studio 7\Projekte\I2C_BME280\I2C_BME280\libI2C_BME280_LIB.a(library.o)

.debug_macro
 *(.debug_macro)
OUTPUT(I2C_BME280.elf elf32-avr)
LOAD linker stubs
